Foo₁.{u_1} (α : Type u_1) : Prop
Foo₂.{u_1} (α : Type u_1) : Prop
