instDecidableLeThingA_951 (t₁ t₂ : ThingA) : Decidable (t₁ ≤ t₂)
instDecidableLeThingB_951 (t₁ t₂ : ThingB) : Decidable (t₁ ≤ t₂)
