12653447106063628298
584025872135268889
5501096720095961210
6693367456468911342
